[36mvite v8.0.1 [32mbuilding client environment for production...[36m[39m
[2K
transforming...Γ£ô 40 modules transformed.
rendering chunks...
computing gzip size...
dist/index.html                   0.75 kB Γöé gzip:  0.43 kB
dist/assets/index-COIA4rdG.css   54.58 kB Γöé gzip:  8.93 kB
dist/assets/index-CSM-S6LK.js   304.65 kB Γöé gzip: 92.76 kB

node.exe : 
[31mΓ£ù[39m Build 
failed in 689ms
At C:\Program Files\no
dejs\npx.ps1:29 char:3
+   & $NODE_EXE 
$NPX_CLI_JS $args
+   ~~~~~~~~~~~~~~~~~~
~~~~~~~~~~~
    + CategoryInfo    
          : NotSpeci  
  fied: ([31mΓ£ù[   
 39m Build failed     
in 689ms:String)     
[], RemoteExcepti    
on
    + FullyQualifiedE 
   rrorId : NativeCo  
  mmandError
 
[31merror during 
build:
[31mBuild failed 
with 1 error:

Error: [vite]: 
Rolldown failed to 
resolve import "@studi
o-freight/react-lenis"
 from "C:/Users/AnkitA
hirwar/OneDrive/Deskto
p/Flexigo/frontend/src
/modules/website/web-p
ages/WebHome.jsx".
This is most likely 
unintended because it 
can break your 
application at 
runtime.
If you do want to 
externalize this 
module explicitly add 
it to
`build.rollupOptions.e
xternal`
    at viteLog (file:/
//C:/Users/AnkitAhirwa
r/OneDrive/Desktop/Fle
xigo/frontend/node_mod
ules/vite/dist/node/ch
unks/node.js:32910:57)
    at file:///C:/User
s/AnkitAhirwar/OneDriv
e/Desktop/Flexigo/fron
tend/node_modules/vite
/dist/node/chunks/node
.js:32946:71
    at onwarn (file://
/C:/Users/AnkitAhirwar
/OneDrive/Desktop/Flex
igo/frontend/node_modu
les/@vitejs/plugin-rea
ct/dist/index.js:40:7)
    at file:///C:/User
s/AnkitAhirwar/OneDriv
e/Desktop/Flexigo/fron
tend/node_modules/vite
/dist/node/chunks/node
.js:32946:28
    at onRollupLog (fi
le:///C:/Users/AnkitAh
irwar/OneDrive/Desktop
/Flexigo/frontend/node
_modules/vite/dist/nod
e/chunks/node.js:32941
:63)
    at onLog (file:///
C:/Users/AnkitAhirwar/
OneDrive/Desktop/Flexi
go/frontend/node_modul
es/vite/dist/node/chun
ks/node.js:32711:4)
    at file:///C:/User
s/AnkitAhirwar/OneDriv
e/Desktop/Flexigo/fron
tend/node_modules/roll
down/dist/shared/rolld
own-build-yQC7KN8K.mjs
:49:26
    at logger (file://
/C:/Users/AnkitAhirwar
/OneDrive/Desktop/Flex
igo/frontend/node_modu
les/rolldown/dist/shar
ed/rolldown-build-yQC7
KN8K.mjs:40:3)
    at onLog (file:///
C:/Users/AnkitAhirwar/
OneDrive/Desktop/Flexi
go/frontend/node_modul
es/rolldown/dist/share
d/bindingify-input-opt
ions-DoaqRULI.mjs:1950
:32)[31m
    at aggregateBindin
gErrorsIntoJsError (fi
le:///C:/Users/AnkitAh
irwar/OneDrive/Desktop
/Flexigo/frontend/node
_modules/rolldown/dist
/shared/error-BO4SlZV_
.mjs:48:18)
    at 
unwrapBindingResult (f
ile:///C:/Users/AnkitA
hirwar/OneDrive/Deskto
p/Flexigo/frontend/nod
e_modules/rolldown/dis
t/shared/error-BO4SlZV
_.mjs:18:128)
    at #build (file://
/C:/Users/AnkitAhirwar
/OneDrive/Desktop/Flex
igo/frontend/node_modu
les/rolldown/dist/shar
ed/rolldown-build-yQC7
KN8K.mjs:3311:34)
    at async 
buildEnvironment (file
:///C:/Users/AnkitAhir
war/OneDrive/Desktop/F
lexigo/frontend/node_m
odules/vite/dist/node/
chunks/node.js:32817:6
4)
    at async 
Object.build (file:///
C:/Users/AnkitAhirwar/
OneDrive/Desktop/Flexi
go/frontend/node_modul
es/vite/dist/node/chun
ks/node.js:33239:19)
    at async 
Object.buildApp (file:
///C:/Users/AnkitAhirw
ar/OneDrive/Desktop/Fl
exigo/frontend/node_mo
dules/vite/dist/node/c
hunks/node.js:33236:15
3)
    at async 
CAC.<anonymous> (file:
///C:/Users/AnkitAhirw
ar/OneDrive/Desktop/Fl
exigo/frontend/node_mo
dules/vite/dist/node/c
li.js:778:3) {
  errors: 
[Getter/Setter]
}[39m
